// Jest Snapshot v1, https://goo.gl/fbAQLP

exports[`Form component renders Form correctly 1`] = `
<DocumentFragment>
  <div
    class="MuiBox-root css-0"
  >
    <p
      class="MuiTypography-root MuiTypography-body1 css-grki9k-MuiTypography-root"
    >
      Test a Property
    </p>
    <div
      class="MuiBox-root css-1e4gsuf"
    >
      <form
        style="width: 100%; display: flex; flex-direction: column; gap: 20px;"
      >
        <div
          class="MuiFormControl-root css-1nrlq1o-MuiFormControl-root"
        >
          <p
            class="MuiFormHelperText-root MuiFormHelperText-sizeMedium MuiFormHelperText-contained css-si7cvk-MuiFormHelperText-root"
          >
            Enter property name
          </p>
          <div
            class="MuiFormControl-root MuiFormControl-fullWidth MuiTextField-root css-wb57ya-MuiFormControl-root-MuiTextField-root"
            data-testid="property-name"
          >
            <div
              class="MuiInputBase-root MuiOutlinedInput-root MuiInputBase-colorInfo MuiInputBase-fullWidth MuiInputBase-formControl css-1udmear-MuiInputBase-root-MuiOutlinedInput-root"
            >
              <input
                aria-invalid="false"
                class="MuiInputBase-input MuiOutlinedInput-input css-1t8l2tu-MuiInputBase-input-MuiOutlinedInput-input"
                id=":r8:"
                required=""
                type="text"
                value=""
              />
              <fieldset
                aria-hidden="true"
                class="MuiOutlinedInput-notchedOutline css-1d3z3hw-MuiOutlinedInput-notchedOutline"
              >
                <legend
                  class="css-ihdtdm"
                >
                  <span
                    class="notranslate"
                  >
                    ​
                  </span>
                </legend>
              </fieldset>
            </div>
          </div>
        </div>
        <div
          class="MuiFormControl-root css-1nrlq1o-MuiFormControl-root"
        >
          <p
            class="MuiFormHelperText-root MuiFormHelperText-sizeMedium MuiFormHelperText-contained css-si7cvk-MuiFormHelperText-root"
          >
            Enter Description
          </p>
          <textarea
            data-testid="property-description"
            placeholder="Write a description"
            required=""
            rows="6"
            style="height: 0px; width: 100%; background: transparent; font-size: 16px; border-color: rgba(0,0,0,0.23); border-radius: 6px; padding: 10px; color: rgb(145, 145, 145); overflow: hidden;"
          />
          <textarea
            aria-hidden="true"
            readonly=""
            style="visibility: hidden; position: absolute; overflow: hidden; height: 0px; top: 0px; left: 0px; transform: translateZ(0); width: 100%; background: transparent; font-size: 16px; border-color: rgba(0,0,0,0.23); border-radius: 6px; padding: 0px; color: rgb(145, 145, 145);"
            tabindex="-1"
          />
        </div>
        <div
          class="MuiStack-root css-1x8uzb8-MuiStack-root"
        >
          <div
            class="MuiFormControl-root css-11njvxm-MuiFormControl-root"
          >
            <p
              class="MuiFormHelperText-root MuiFormHelperText-sizeMedium MuiFormHelperText-contained MuiFormHelperText-filled css-d8p0nm-MuiFormHelperText-root"
            >
              Select Property Type
            </p>
            <div
              class="MuiInputBase-root MuiOutlinedInput-root MuiInputBase-colorInfo MuiInputBase-formControl  css-1u8u423-MuiInputBase-root-MuiOutlinedInput-root-MuiSelect-root"
              data-testid="property-type"
              required=""
            >
              <div
                aria-expanded="false"
                aria-haspopup="listbox"
                aria-label="none"
                class="MuiSelect-select MuiSelect-outlined MuiInputBase-input MuiOutlinedInput-input css-11u53oe-MuiSelect-select-MuiInputBase-input-MuiOutlinedInput-input"
                role="button"
                tabindex="0"
              >
                Apartment
              </div>
              <input
                aria-hidden="true"
                class="MuiSelect-nativeInput css-yf8vq0-MuiSelect-nativeInput"
                required=""
                tabindex="-1"
                value="apartment"
              />
              <svg
                aria-hidden="true"
                class="MuiSvgIcon-root MuiSvgIcon-fontSizeMedium MuiSelect-icon MuiSelect-iconOutlined css-hfutr2-MuiSvgIcon-root-MuiSelect-icon"
                data-testid="ArrowDropDownIcon"
                focusable="false"
                viewBox="0 0 24 24"
              >
                <path
                  d="M7 10l5 5 5-5z"
                />
              </svg>
              <fieldset
                aria-hidden="true"
                class="MuiOutlinedInput-notchedOutline css-1d3z3hw-MuiOutlinedInput-notchedOutline"
              >
                <legend
                  class="css-ihdtdm"
                >
                  <span
                    class="notranslate"
                  >
                    ​
                  </span>
                </legend>
              </fieldset>
            </div>
          </div>
          <div
            class="MuiFormControl-root css-1nrlq1o-MuiFormControl-root"
          >
            <p
              class="MuiFormHelperText-root MuiFormHelperText-sizeMedium MuiFormHelperText-contained css-si7cvk-MuiFormHelperText-root"
            >
              Enter property price
            </p>
            <div
              aria-label="Price"
              class="MuiFormControl-root MuiFormControl-fullWidth MuiTextField-root css-wb57ya-MuiFormControl-root-MuiTextField-root"
              data-testid="property-price"
            >
              <div
                class="MuiInputBase-root MuiOutlinedInput-root MuiInputBase-colorInfo MuiInputBase-fullWidth MuiInputBase-formControl css-1udmear-MuiInputBase-root-MuiOutlinedInput-root"
              >
                <input
                  aria-invalid="false"
                  autocomplete="hello"
                  class="MuiInputBase-input MuiOutlinedInput-input css-1t8l2tu-MuiInputBase-input-MuiOutlinedInput-input"
                  id=":r9:"
                  required=""
                  type="number"
                  value=""
                />
                <fieldset
                  aria-hidden="true"
                  class="MuiOutlinedInput-notchedOutline css-1d3z3hw-MuiOutlinedInput-notchedOutline"
                >
                  <legend
                    class="css-ihdtdm"
                  >
                    <span
                      class="notranslate"
                    >
                      ​
                    </span>
                  </legend>
                </fieldset>
              </div>
            </div>
          </div>
        </div>
        <div
          class="MuiAutocomplete-root MuiAutocomplete-fullWidth MuiAutocomplete-hasPopupIcon css-xg9u7b-MuiAutocomplete-root"
        >
          <div
            class="MuiFormControl-root MuiFormControl-fullWidth css-q8hpuo-MuiFormControl-root"
          >
            <p
              class="MuiFormHelperText-root MuiFormHelperText-sizeMedium MuiFormHelperText-contained css-si7cvk-MuiFormHelperText-root"
            >
              Enter Location
            </p>
            <div
              class="MuiFormControl-root MuiFormControl-fullWidth MuiTextField-root css-wb57ya-MuiFormControl-root-MuiTextField-root"
            >
              <div
                class="MuiInputBase-root MuiOutlinedInput-root MuiInputBase-colorInfo MuiInputBase-fullWidth MuiInputBase-formControl MuiInputBase-adornedEnd MuiAutocomplete-inputRoot css-1gspjga-MuiInputBase-root-MuiOutlinedInput-root"
              >
                <input
                  aria-autocomplete="both"
                  aria-expanded="false"
                  aria-invalid="false"
                  autocapitalize="none"
                  autocomplete="off"
                  class="MuiInputBase-input MuiOutlinedInput-input MuiInputBase-inputAdornedEnd MuiAutocomplete-input MuiAutocomplete-inputFocused css-nxo287-MuiInputBase-input-MuiOutlinedInput-input"
                  id="suggest-location"
                  required=""
                  role="combobox"
                  spellcheck="false"
                  type="text"
                  value=""
                />
                <div
                  class="MuiAutocomplete-endAdornment css-1q60rmi-MuiAutocomplete-endAdornment"
                >
                  <button
                    aria-label="Open"
                    class="MuiButtonBase-root MuiIconButton-root MuiIconButton-sizeMedium MuiAutocomplete-popupIndicator css-qzbt6i-MuiButtonBase-root-MuiIconButton-root-MuiAutocomplete-popupIndicator"
                    tabindex="-1"
                    title="Open"
                    type="button"
                  >
                    <svg
                      aria-hidden="true"
                      class="MuiSvgIcon-root MuiSvgIcon-fontSizeMedium css-i4bv87-MuiSvgIcon-root"
                      data-testid="ArrowDropDownIcon"
                      focusable="false"
                      viewBox="0 0 24 24"
                    >
                      <path
                        d="M7 10l5 5 5-5z"
                      />
                    </svg>
                    <span
                      class="MuiTouchRipple-root css-8je8zh-MuiTouchRipple-root"
                    />
                  </button>
                </div>
                <fieldset
                  aria-hidden="true"
                  class="MuiOutlinedInput-notchedOutline css-1d3z3hw-MuiOutlinedInput-notchedOutline"
                >
                  <legend
                    class="css-ihdtdm"
                  >
                    <span
                      class="notranslate"
                    >
                      ​
                    </span>
                  </legend>
                </fieldset>
              </div>
            </div>
          </div>
        </div>
        <div
          class="MuiStack-root css-1kxrjq8-MuiStack-root"
        >
          <div
            class="MuiStack-root css-12djzut-MuiStack-root"
          >
            <p
              class="MuiTypography-root MuiTypography-body1 css-u2ni3s-MuiTypography-root"
            >
              Property Photo
            </p>
            <label
              class="MuiButtonBase-root MuiButton-root MuiButton-text MuiButton-textPrimary MuiButton-sizeMedium MuiButton-textSizeMedium MuiButton-root MuiButton-text MuiButton-textPrimary MuiButton-sizeMedium MuiButton-textSizeMedium css-dwqlmc-MuiButtonBase-root-MuiButton-root"
              data-testid="upload-button"
              role="button"
              tabindex="0"
            >
              Upload
              <input
                accept="image/*"
                data-testid="upload-input"
                hidden=""
                type="file"
              />
              <span
                class="MuiTouchRipple-root css-8je8zh-MuiTouchRipple-root"
              />
            </label>
          </div>
        </div>
        <button
          class="MuiButtonBase-root MuiButton-root MuiButton-text MuiButton-textPrimary MuiButton-sizeMedium MuiButton-textSizeMedium MuiButton-root MuiButton-text MuiButton-textPrimary MuiButton-sizeMedium MuiButton-textSizeMedium css-1d8qxke-MuiButtonBase-root-MuiButton-root"
          tabindex="0"
          type="submit"
        >
          Submit
          <span
            class="MuiTouchRipple-root css-8je8zh-MuiTouchRipple-root"
          />
        </button>
      </form>
    </div>
  </div>
</DocumentFragment>
`;
